28
/home/mattia/Music/Silverstein - This is How the Wind Shifts/Silverstein - 1. On Brave Mountains We Conquer.mp3
/home/mattia/Music/Silverstein - This is How the Wind Shifts/Silverstein - 2. Stand Amid the Roar.mp3
/home/mattia/Music/Silverstein - This is How the Wind Shifts/Silverstein - 3. Massachusetts - THIS IS HOW THE WIND SHIFTS.mp3
/home/mattia/Music/Silverstein - This is How the Wind Shifts/Silverstein - 4. This is How - THIS IS HOW THE WIND SHIFTS.mp3
/home/mattia/Music/Silverstein - This is How the Wind Shifts/Silverstein - 5. A Better Place - THIS IS HOW THE WIND SHIFTS.mp3
/home/mattia/Music/Silverstein - This is How the Wind Shifts/Silverstein - 6. Hide Your Secrets - THIS IS HOW THE WIND SHIFTS.mp3
/home/mattia/Music/Silverstein - This is How the Wind Shifts/Silverstein - 7. Arrivals - THIS IS HOW THE WIND SHIFTS.mp3
/home/mattia/Music/Silverstein - This is How the Wind Shifts/Silverstein - 8. In A Place of Solace - THIS IS HOW THE WIND SHIFTS.mp3
/home/mattia/Music/Silverstein - This is How the Wind Shifts/Silverstein - 9. In Silent Seas We Drown - THIS IS HOW THE WIND SHIFTS.mp3
/home/mattia/Music/Silverstein - This is How the Wind Shifts/Silverstein - 10. California - THIS IS HOW THE WIND SHIFTS.mp3
/home/mattia/Music/Silverstein - This is How the Wind Shifts/Silverstein - 11. The Wind Shifts - THIS IS HOW THE WIND SHIFTS.mp3
/home/mattia/Music/Silverstein - This is How the Wind Shifts/Silverstein - 12. To Live and To Lose - THIS IS HOW THE WIND SHIFTS.mp3
/home/mattia/Music/Silverstein - This is How the Wind Shifts/Silverstein - 13. With Second Chances - THIS IS HOW THE WIND SHIFTS.mp3
/home/mattia/Music/Silverstein - This is How the Wind Shifts/Silverstein - 14. Departures - THIS IS HOW THE WIND SHIFTS.mp3
/home/mattia/Music/singles/Mac Miller - Blue World.mp3
/home/mattia/Music/singles/Mac Miller - Small Worlds.mp3
/home/mattia/Music/singles/Mac Miller - Tiny Desk Concert - live.mp3
/home/mattia/Music/singles/Silverstein - September 14th.mp3
/home/mattia/Music/singles/Silverstein - Bad Habits.mp3
/home/mattia/Music/singles/TesseracT - Survival.mp3
/home/mattia/Music/singles/Tornado Of Souls.mp3
/home/mattia/Music/A Pale White Dot/Periphery - A Pale White Dot.mp3
/home/mattia/Music/A Pale White Dot/Periphery - Blackwall.mp3
/home/mattia/Music/A Pale White Dot/Periphery - Carry On.mp3
/home/mattia/Music/A Pale White Dot/Periphery - Everyone Dies Alone.mp3
/home/mattia/Music/A Pale White Dot/Periphery - Heaven on High.mp3
/home/mattia/Music/A Pale White Dot/Periphery - Malevolent.mp3
/home/mattia/Music/A Pale White Dot/Periphery - Mr. God.mp3
/home/mattia/Music/A Pale White Dot/Periphery - Neon Valley.mp3
/home/mattia/Music/A Pale White Dot/Periphery - Obsession.mp3
/home/mattia/Music/A Pale White Dot/Periphery - Subhuman (feat. Will Ramos).mp3
/home/mattia/Music/A Pale White Dot/Periphery - Talk.mp3
/home/mattia/Music/A Pale White Dot/Periphery - Unlocking.mp3
